﻿≡اأ Starting Infrastructure Test...

≡ا¤ Testing Encryption Service...
ظ£à Encryption Test Passed

≡اùّي╕ Testing Soft Delete Middleware...
Created user: 735f6efb-4f69-4072-bc14-8cedbcc5e438
Deleted user (should be soft deleted)
ظ£à Soft Delete Logic (Middleware Hiding): Passed
ظ£à Soft Delete Database Check: Passed (deleted_at is set)

≡اْ░ Testing Wallet Service...
node.exe : PrismaClientValid
ationError: 
At line:1 char:1
+ & "C:\Program 
Files\nodejs/node.exe" 
"C:\Program 
Files\nodejs/node_mo ...
+ ~~~~~~~~~~~~~~~~~~~~~~~~~~
~~~~~~~~~~~~~~~~~~~~~~~~~~~~
~~~~~~~~~~~~~~~
    + CategoryInfo          
    : NotSpecified: (Prism  
  aClientValidationError:   
  :String) [], RemoteExc    
eption
    + FullyQualifiedErrorId 
    : NativeCommandError
 
Invalid 
`tx.wallet.findUnique()` 
invocation in
C:\Users\gooll\Desktop\Cash 
Line1.1\cashline-project\bac
kend\src\services\wallet.ser
vice.ts:14:44

  11 async 
addCredit(userId: string, 
amount: number, 
description: string, 
referenceType?: string, 
referenceId?: string) {
  12     // Use Prisma 
transaction to ensure 
atomicity
  13     return 
prisma.$transaction(async 
(tx) => {
ظْ 14         const wallet 
= await 
tx.wallet.findUnique({
               where: {
                 userId: "50
7708c5-acde-4b09-b23f-650153
f512cc",
                 deletedAt: 
null,
                 ~~~~~~~~~
             ?   AND?: 
WalletWhereInput | 
WalletWhereInput[],
             ?   OR?: 
WalletWhereInput[],
             ?   NOT?: 
WalletWhereInput | 
WalletWhereInput[],
             ?   id?: 
StringFilter | String,
             ?   balance?: 
DecimalFilter | Decimal,
             ?   
holdBalance?: DecimalFilter 
| Decimal,
             ?   currency?: 
StringFilter | String,
             ?   isActive?: 
BoolFilter | Boolean,
             ?   
createdAt?: DateTimeFilter 
| DateTime,
             ?   
updatedAt?: DateTimeFilter 
| DateTime,
             ?   user?: 
UserRelationFilter | 
UserWhereInput,
             ?   
transactions?: WalletTransac
tionListRelationFilter
               }
             })

Unknown argument 
`deletedAt`. Available 
options are marked with ?.
    at wn (C:\Users\gooll\De
sktop\Cash Line1.1\cashline-
project\backend\node_modules
\@prisma\client\runtime\libr
ary.js:29:1363)
    at 
$n.handleRequestError (C:\Us
ers\gooll\Desktop\Cash Line1
.1\cashline-project\backend\
node_modules\@prisma\client\
runtime\library.js:121:6958)
    at 
$n.handleAndLogRequestError 
(C:\Users\gooll\Desktop\Cash
 Line1.1\cashline-project\ba
ckend\node_modules\@prisma\c
lient\runtime\library.js:121
:6623)
    at $n.request (C:\Users\
gooll\Desktop\Cash Line1.1\c
ashline-project\backend\node
_modules\@prisma\client\runt
ime\library.js:121:6307)
    at async l (C:\Users\goo
ll\Desktop\Cash Line1.1\cash
line-project\backend\node_mo
dules\@prisma\client\runtime
\library.js:130:9633)
    at async 
C:\Users\gooll\Desktop\Cash 
Line1.1\cashline-project\bac
kend\src\services\wallet.ser
vice.ts:14:28
    at async Proxy._transact
ionWithCallback (C:\Users\go
oll\Desktop\Cash Line1.1\cas
hline-project\backend\node_m
odules\@prisma\client\runtim
e\library.js:130:8000)
    at async main (C:\Users\
gooll\Desktop\Cash Line1.1\c
ashline-project\backend\src\
scripts\test-infrastructure.
ts:80:5) {
  clientVersion: '5.22.0'
}
